=== 阶段九 附件4 专项预测与解释 ===  2026-09-26 14:29:01
冻结模型 static_concat seed=20260924 参数量=81540
权重指纹（张量级）85b67020f5a08d928ffc0534fb62c4f9ebba650759ecd6baf24c2c56ee9a5bdd
标准化参数：阶段五冻结 .npz（未重新拟合）
解释配置：2026-09-26-stage8-explain-frozen-1  W=5  TopK=5

[任务1] 附件4 输入核验
  样本数 = 20；ID = ['01', '02', '03', '04', '05', '06', '07', '08', '09', '10', '11', '12', '13', '14', '15', '16', '17', '18', '19', '20']
  ID 唯一 = True；无缺失 = True
  字段形状全部符合 (50,768)/(50,74)/(50,35)/(50,)：True
  标签字段：无（本阶段不读取任何标签）
  原始视频存在：20/20；编号与 pkl 一一对应（01.pkl ↔ 01.mp4）
  整条模态缺失样本数：文本 0 / 音频 0 / 视觉 1
  视频时长 3.11~21.35 s（均值 9.32）

[任务2] 冻结模型推理（eval + no_grad，不训练不调参）
  输出：20 条；预测分布 {'negative': 6, 'neutral': 1, 'positive': 13}
  概率行和范围 [1.000000, 1.000000]
  强度范围 [-2.5819, +1.2546]

[任务3] 计算解释（阶段八冻结方法）
  贡献 Δcls 均值：文本 +0.3490 / 音频 +0.0114 / 视觉 +0.0181
  主要模态分布：{'文本': 16, '音频': 2, '视觉': 2}
  位置级遮蔽完成：文本 582 / 音频 484 / 视觉 458 个有效单元

[任务4] 映射桶位 → 视频内秒数与帧号（有效跨度对应整段视频）
  主表 20 行；关键证据明细 296 行

[任务4b] 抽取关键视觉帧
  关键帧写入 D:\E题题目\outputs\阶段九输出\关键帧

总耗时 20.6s